INFO - 2025-02-25 02:00:39 --> Session: Class initialized using 'CodeIgniter\Session\Handlers\FileHandler' driver.
INFO - 2025-02-25 02:00:39 --> Session: Class initialized using 'CodeIgniter\Session\Handlers\FileHandler' driver.
INFO - 2025-02-25 04:13:00 --> Session: Class initialized using 'CodeIgniter\Session\Handlers\FileHandler' driver.
INFO - 2025-02-25 04:14:15 --> Session: Class initialized using 'CodeIgniter\Session\Handlers\FileHandler' driver.
INFO - 2025-02-25 07:39:09 --> Session: Class initialized using 'CodeIgniter\Session\Handlers\FileHandler' driver.
INFO - 2025-02-25 07:39:11 --> Session: Class initialized using 'CodeIgniter\Session\Handlers\FileHandler' driver.
INFO - 2025-02-25 07:39:20 --> Session: Class initialized using 'CodeIgniter\Session\Handlers\FileHandler' driver.
INFO - 2025-02-25 07:39:20 --> Session: Class initialized using 'CodeIgniter\Session\Handlers\FileHandler' driver.
INFO - 2025-02-25 07:39:27 --> Session: Class initialized using 'CodeIgniter\Session\Handlers\FileHandler' driver.
DEBUG - 2025-02-25 07:39:27 --> NPM: 123456, Generated token: ce78e1afc69467df99113b2b2c462bb51fd04441bb85c9988603c90a46335798
DEBUG - 2025-02-25 07:39:27 --> Token berhasil disimpan ke database
INFO - 2025-02-25 07:39:27 --> Session: Class initialized using 'CodeIgniter\Session\Handlers\FileHandler' driver.
INFO - 2025-02-25 07:39:28 --> Session: Class initialized using 'CodeIgniter\Session\Handlers\FileHandler' driver.
CRITICAL - 2025-02-25 07:39:29 --> Cannot call constructor
in APPPATH\Controllers\API\WalletAPI.php on line 17.
 1 SYSTEMPATH\CodeIgniter.php(904): App\Controllers\API\WalletAPI->__construct()
 2 SYSTEMPATH\CodeIgniter.php(488): CodeIgniter\CodeIgniter->createController()
 3 SYSTEMPATH\CodeIgniter.php(366): CodeIgniter\CodeIgniter->handleRequest(null, Object(Config\Cache), false)
 4 FCPATH\index.php(67): CodeIgniter\CodeIgniter->run()
 5 SYSTEMPATH\Commands\Server\rewrite.php(47): require_once('C:\\xampp\\htdocs\\PoinMarket\\public\\index.php')
CRITICAL - 2025-02-25 07:39:29 --> Cannot call constructor
in APPPATH\Controllers\API\WalletAPI.php on line 17.
 1 SYSTEMPATH\CodeIgniter.php(904): App\Controllers\API\WalletAPI->__construct()
 2 SYSTEMPATH\CodeIgniter.php(488): CodeIgniter\CodeIgniter->createController()
 3 SYSTEMPATH\CodeIgniter.php(366): CodeIgniter\CodeIgniter->handleRequest(null, Object(Config\Cache), false)
 4 FCPATH\index.php(67): CodeIgniter\CodeIgniter->run()
 5 SYSTEMPATH\Commands\Server\rewrite.php(47): require_once('C:\\xampp\\htdocs\\PoinMarket\\public\\index.php')
CRITICAL - 2025-02-25 07:39:29 --> Cannot call constructor
in APPPATH\Controllers\API\WalletAPI.php on line 17.
 1 SYSTEMPATH\CodeIgniter.php(904): App\Controllers\API\WalletAPI->__construct()
 2 SYSTEMPATH\CodeIgniter.php(488): CodeIgniter\CodeIgniter->createController()
 3 SYSTEMPATH\CodeIgniter.php(366): CodeIgniter\CodeIgniter->handleRequest(null, Object(Config\Cache), false)
 4 FCPATH\index.php(67): CodeIgniter\CodeIgniter->run()
 5 SYSTEMPATH\Commands\Server\rewrite.php(47): require_once('C:\\xampp\\htdocs\\PoinMarket\\public\\index.php')
INFO - 2025-02-25 07:40:22 --> Session: Class initialized using 'CodeIgniter\Session\Handlers\FileHandler' driver.
INFO - 2025-02-25 07:40:23 --> Session: Class initialized using 'CodeIgniter\Session\Handlers\FileHandler' driver.
CRITICAL - 2025-02-25 07:40:23 --> Cannot call constructor
in APPPATH\Controllers\API\WalletAPI.php on line 17.
 1 SYSTEMPATH\CodeIgniter.php(904): App\Controllers\API\WalletAPI->__construct()
 2 SYSTEMPATH\CodeIgniter.php(488): CodeIgniter\CodeIgniter->createController()
 3 SYSTEMPATH\CodeIgniter.php(366): CodeIgniter\CodeIgniter->handleRequest(null, Object(Config\Cache), false)
 4 FCPATH\index.php(67): CodeIgniter\CodeIgniter->run()
 5 SYSTEMPATH\Commands\Server\rewrite.php(47): require_once('C:\\xampp\\htdocs\\PoinMarket\\public\\index.php')
CRITICAL - 2025-02-25 07:40:23 --> Cannot call constructor
in APPPATH\Controllers\API\WalletAPI.php on line 17.
 1 SYSTEMPATH\CodeIgniter.php(904): App\Controllers\API\WalletAPI->__construct()
 2 SYSTEMPATH\CodeIgniter.php(488): CodeIgniter\CodeIgniter->createController()
 3 SYSTEMPATH\CodeIgniter.php(366): CodeIgniter\CodeIgniter->handleRequest(null, Object(Config\Cache), false)
 4 FCPATH\index.php(67): CodeIgniter\CodeIgniter->run()
 5 SYSTEMPATH\Commands\Server\rewrite.php(47): require_once('C:\\xampp\\htdocs\\PoinMarket\\public\\index.php')
CRITICAL - 2025-02-25 07:40:23 --> Cannot call constructor
in APPPATH\Controllers\API\WalletAPI.php on line 17.
 1 SYSTEMPATH\CodeIgniter.php(904): App\Controllers\API\WalletAPI->__construct()
 2 SYSTEMPATH\CodeIgniter.php(488): CodeIgniter\CodeIgniter->createController()
 3 SYSTEMPATH\CodeIgniter.php(366): CodeIgniter\CodeIgniter->handleRequest(null, Object(Config\Cache), false)
 4 FCPATH\index.php(67): CodeIgniter\CodeIgniter->run()
 5 SYSTEMPATH\Commands\Server\rewrite.php(47): require_once('C:\\xampp\\htdocs\\PoinMarket\\public\\index.php')
INFO - 2025-02-25 07:40:59 --> Session: Class initialized using 'CodeIgniter\Session\Handlers\FileHandler' driver.
INFO - 2025-02-25 07:40:59 --> Session: Class initialized using 'CodeIgniter\Session\Handlers\FileHandler' driver.
CRITICAL - 2025-02-25 07:41:00 --> Cannot call constructor
in APPPATH\Controllers\API\WalletAPI.php on line 17.
 1 SYSTEMPATH\CodeIgniter.php(904): App\Controllers\API\WalletAPI->__construct()
 2 SYSTEMPATH\CodeIgniter.php(488): CodeIgniter\CodeIgniter->createController()
 3 SYSTEMPATH\CodeIgniter.php(366): CodeIgniter\CodeIgniter->handleRequest(null, Object(Config\Cache), false)
 4 FCPATH\index.php(67): CodeIgniter\CodeIgniter->run()
 5 SYSTEMPATH\Commands\Server\rewrite.php(47): require_once('C:\\xampp\\htdocs\\PoinMarket\\public\\index.php')
CRITICAL - 2025-02-25 07:41:00 --> Cannot call constructor
in APPPATH\Controllers\API\WalletAPI.php on line 17.
 1 SYSTEMPATH\CodeIgniter.php(904): App\Controllers\API\WalletAPI->__construct()
 2 SYSTEMPATH\CodeIgniter.php(488): CodeIgniter\CodeIgniter->createController()
 3 SYSTEMPATH\CodeIgniter.php(366): CodeIgniter\CodeIgniter->handleRequest(null, Object(Config\Cache), false)
 4 FCPATH\index.php(67): CodeIgniter\CodeIgniter->run()
 5 SYSTEMPATH\Commands\Server\rewrite.php(47): require_once('C:\\xampp\\htdocs\\PoinMarket\\public\\index.php')
CRITICAL - 2025-02-25 07:41:00 --> Cannot call constructor
in APPPATH\Controllers\API\WalletAPI.php on line 17.
 1 SYSTEMPATH\CodeIgniter.php(904): App\Controllers\API\WalletAPI->__construct()
 2 SYSTEMPATH\CodeIgniter.php(488): CodeIgniter\CodeIgniter->createController()
 3 SYSTEMPATH\CodeIgniter.php(366): CodeIgniter\CodeIgniter->handleRequest(null, Object(Config\Cache), false)
 4 FCPATH\index.php(67): CodeIgniter\CodeIgniter->run()
 5 SYSTEMPATH\Commands\Server\rewrite.php(47): require_once('C:\\xampp\\htdocs\\PoinMarket\\public\\index.php')
INFO - 2025-02-25 07:44:27 --> Session: Class initialized using 'CodeIgniter\Session\Handlers\FileHandler' driver.
INFO - 2025-02-25 07:44:28 --> Session: Class initialized using 'CodeIgniter\Session\Handlers\FileHandler' driver.
CRITICAL - 2025-02-25 07:44:28 --> Call to a member function setHeader() on null
in APPPATH\Controllers\API\WalletAPI.php on line 21.
 1 SYSTEMPATH\CodeIgniter.php(904): App\Controllers\API\WalletAPI->__construct()
 2 SYSTEMPATH\CodeIgniter.php(488): CodeIgniter\CodeIgniter->createController()
 3 SYSTEMPATH\CodeIgniter.php(366): CodeIgniter\CodeIgniter->handleRequest(null, Object(Config\Cache), false)
 4 FCPATH\index.php(67): CodeIgniter\CodeIgniter->run()
 5 SYSTEMPATH\Commands\Server\rewrite.php(47): require_once('C:\\xampp\\htdocs\\PoinMarket\\public\\index.php')
CRITICAL - 2025-02-25 07:44:29 --> Call to a member function setHeader() on null
in APPPATH\Controllers\API\WalletAPI.php on line 21.
 1 SYSTEMPATH\CodeIgniter.php(904): App\Controllers\API\WalletAPI->__construct()
 2 SYSTEMPATH\CodeIgniter.php(488): CodeIgniter\CodeIgniter->createController()
 3 SYSTEMPATH\CodeIgniter.php(366): CodeIgniter\CodeIgniter->handleRequest(null, Object(Config\Cache), false)
 4 FCPATH\index.php(67): CodeIgniter\CodeIgniter->run()
 5 SYSTEMPATH\Commands\Server\rewrite.php(47): require_once('C:\\xampp\\htdocs\\PoinMarket\\public\\index.php')
CRITICAL - 2025-02-25 07:44:29 --> Call to a member function setHeader() on null
in APPPATH\Controllers\API\WalletAPI.php on line 21.
 1 SYSTEMPATH\CodeIgniter.php(904): App\Controllers\API\WalletAPI->__construct()
 2 SYSTEMPATH\CodeIgniter.php(488): CodeIgniter\CodeIgniter->createController()
 3 SYSTEMPATH\CodeIgniter.php(366): CodeIgniter\CodeIgniter->handleRequest(null, Object(Config\Cache), false)
 4 FCPATH\index.php(67): CodeIgniter\CodeIgniter->run()
 5 SYSTEMPATH\Commands\Server\rewrite.php(47): require_once('C:\\xampp\\htdocs\\PoinMarket\\public\\index.php')
INFO - 2025-02-25 07:44:36 --> Session: Class initialized using 'CodeIgniter\Session\Handlers\FileHandler' driver.
INFO - 2025-02-25 07:44:36 --> Session: Class initialized using 'CodeIgniter\Session\Handlers\FileHandler' driver.
CRITICAL - 2025-02-25 07:44:37 --> Call to a member function setHeader() on null
in APPPATH\Controllers\API\WalletAPI.php on line 21.
 1 SYSTEMPATH\CodeIgniter.php(904): App\Controllers\API\WalletAPI->__construct()
 2 SYSTEMPATH\CodeIgniter.php(488): CodeIgniter\CodeIgniter->createController()
 3 SYSTEMPATH\CodeIgniter.php(366): CodeIgniter\CodeIgniter->handleRequest(null, Object(Config\Cache), false)
 4 FCPATH\index.php(67): CodeIgniter\CodeIgniter->run()
 5 SYSTEMPATH\Commands\Server\rewrite.php(47): require_once('C:\\xampp\\htdocs\\PoinMarket\\public\\index.php')
CRITICAL - 2025-02-25 07:44:37 --> Call to a member function setHeader() on null
in APPPATH\Controllers\API\WalletAPI.php on line 21.
 1 SYSTEMPATH\CodeIgniter.php(904): App\Controllers\API\WalletAPI->__construct()
 2 SYSTEMPATH\CodeIgniter.php(488): CodeIgniter\CodeIgniter->createController()
 3 SYSTEMPATH\CodeIgniter.php(366): CodeIgniter\CodeIgniter->handleRequest(null, Object(Config\Cache), false)
 4 FCPATH\index.php(67): CodeIgniter\CodeIgniter->run()
 5 SYSTEMPATH\Commands\Server\rewrite.php(47): require_once('C:\\xampp\\htdocs\\PoinMarket\\public\\index.php')
CRITICAL - 2025-02-25 07:44:37 --> Call to a member function setHeader() on null
in APPPATH\Controllers\API\WalletAPI.php on line 21.
 1 SYSTEMPATH\CodeIgniter.php(904): App\Controllers\API\WalletAPI->__construct()
 2 SYSTEMPATH\CodeIgniter.php(488): CodeIgniter\CodeIgniter->createController()
 3 SYSTEMPATH\CodeIgniter.php(366): CodeIgniter\CodeIgniter->handleRequest(null, Object(Config\Cache), false)
 4 FCPATH\index.php(67): CodeIgniter\CodeIgniter->run()
 5 SYSTEMPATH\Commands\Server\rewrite.php(47): require_once('C:\\xampp\\htdocs\\PoinMarket\\public\\index.php')
INFO - 2025-02-25 07:45:34 --> Session: Class initialized using 'CodeIgniter\Session\Handlers\FileHandler' driver.
INFO - 2025-02-25 07:45:34 --> Session: Class initialized using 'CodeIgniter\Session\Handlers\FileHandler' driver.
CRITICAL - 2025-02-25 07:45:35 --> Call to a member function setHeader() on null
in APPPATH\Controllers\API\WalletAPI.php on line 21.
 1 SYSTEMPATH\CodeIgniter.php(904): App\Controllers\API\WalletAPI->__construct()
 2 SYSTEMPATH\CodeIgniter.php(488): CodeIgniter\CodeIgniter->createController()
 3 SYSTEMPATH\CodeIgniter.php(366): CodeIgniter\CodeIgniter->handleRequest(null, Object(Config\Cache), false)
 4 FCPATH\index.php(67): CodeIgniter\CodeIgniter->run()
 5 SYSTEMPATH\Commands\Server\rewrite.php(47): require_once('C:\\xampp\\htdocs\\PoinMarket\\public\\index.php')
CRITICAL - 2025-02-25 07:45:35 --> Call to a member function setHeader() on null
in APPPATH\Controllers\API\WalletAPI.php on line 21.
 1 SYSTEMPATH\CodeIgniter.php(904): App\Controllers\API\WalletAPI->__construct()
 2 SYSTEMPATH\CodeIgniter.php(488): CodeIgniter\CodeIgniter->createController()
 3 SYSTEMPATH\CodeIgniter.php(366): CodeIgniter\CodeIgniter->handleRequest(null, Object(Config\Cache), false)
 4 FCPATH\index.php(67): CodeIgniter\CodeIgniter->run()
 5 SYSTEMPATH\Commands\Server\rewrite.php(47): require_once('C:\\xampp\\htdocs\\PoinMarket\\public\\index.php')
CRITICAL - 2025-02-25 07:45:35 --> Call to a member function setHeader() on null
in APPPATH\Controllers\API\WalletAPI.php on line 21.
 1 SYSTEMPATH\CodeIgniter.php(904): App\Controllers\API\WalletAPI->__construct()
 2 SYSTEMPATH\CodeIgniter.php(488): CodeIgniter\CodeIgniter->createController()
 3 SYSTEMPATH\CodeIgniter.php(366): CodeIgniter\CodeIgniter->handleRequest(null, Object(Config\Cache), false)
 4 FCPATH\index.php(67): CodeIgniter\CodeIgniter->run()
 5 SYSTEMPATH\Commands\Server\rewrite.php(47): require_once('C:\\xampp\\htdocs\\PoinMarket\\public\\index.php')
INFO - 2025-02-25 07:45:51 --> Session: Class initialized using 'CodeIgniter\Session\Handlers\FileHandler' driver.
INFO - 2025-02-25 07:45:52 --> Session: Class initialized using 'CodeIgniter\Session\Handlers\FileHandler' driver.
INFO - 2025-02-25 07:45:52 --> Session: Class initialized using 'CodeIgniter\Session\Handlers\FileHandler' driver.
DEBUG - 2025-02-25 07:45:52 --> Session token: ce78e1afc69467df99113b2b2c462bb51fd04441bb85c9988603c90a46335798
DEBUG - 2025-02-25 07:45:52 --> Raw Authorization header: Bearer ce78e1afc69467df99113b2b2c462bb51fd04441bb85c9988603c90a46335798
DEBUG - 2025-02-25 07:45:52 --> Token dari header: ce78e1afc69467df99113b2b2c462bb51fd04441bb85c9988603c90a46335798
DEBUG - 2025-02-25 07:45:52 --> SQL: SELECT *
FROM `mahasiswa`
WHERE `token` = 'ce78e1afc69467df99113b2b2c462bb51fd04441bb85c9988603c90a46335798'
 LIMIT 1
DEBUG - 2025-02-25 07:45:52 --> Token yang dicari: ce78e1afc69467df99113b2b2c462bb51fd04441bb85c9988603c90a46335798
DEBUG - 2025-02-25 07:45:52 --> Hasil pencarian: {"id":"2","user_id":null,"npm":"123456","nama":"Dwi A","email":"","password":"$2y$10$XcEnyKV.StLAS9wl9QfUcuULBWbD54jyfoQXYOff6pFgAzR8ZRMKO","point":"270","gaya_belajar":"Auditori","created_at":"2024-12-13 02:30:02","updated_at":"2025-02-24 03:51:58","deleted_at":null,"token":"ce78e1afc69467df99113b2b2c462bb51fd04441bb85c9988603c90a46335798","last_login":"2025-02-24 10:49:22"}
INFO - 2025-02-25 07:45:52 --> Session: Class initialized using 'CodeIgniter\Session\Handlers\FileHandler' driver.
DEBUG - 2025-02-25 07:45:52 --> Session token: ce78e1afc69467df99113b2b2c462bb51fd04441bb85c9988603c90a46335798
DEBUG - 2025-02-25 07:45:52 --> Raw Authorization header: Bearer ce78e1afc69467df99113b2b2c462bb51fd04441bb85c9988603c90a46335798
DEBUG - 2025-02-25 07:45:52 --> Token dari header: ce78e1afc69467df99113b2b2c462bb51fd04441bb85c9988603c90a46335798
DEBUG - 2025-02-25 07:45:52 --> SQL: SELECT *
FROM `mahasiswa`
WHERE `token` = 'ce78e1afc69467df99113b2b2c462bb51fd04441bb85c9988603c90a46335798'
 LIMIT 1
DEBUG - 2025-02-25 07:45:52 --> Token yang dicari: ce78e1afc69467df99113b2b2c462bb51fd04441bb85c9988603c90a46335798
DEBUG - 2025-02-25 07:45:52 --> Hasil pencarian: {"id":"2","user_id":null,"npm":"123456","nama":"Dwi A","email":"","password":"$2y$10$XcEnyKV.StLAS9wl9QfUcuULBWbD54jyfoQXYOff6pFgAzR8ZRMKO","point":"270","gaya_belajar":"Auditori","created_at":"2024-12-13 02:30:02","updated_at":"2025-02-24 03:51:58","deleted_at":null,"token":"ce78e1afc69467df99113b2b2c462bb51fd04441bb85c9988603c90a46335798","last_login":"2025-02-24 10:49:22"}
INFO - 2025-02-25 07:45:53 --> Session: Class initialized using 'CodeIgniter\Session\Handlers\FileHandler' driver.
DEBUG - 2025-02-25 07:45:53 --> Session token: ce78e1afc69467df99113b2b2c462bb51fd04441bb85c9988603c90a46335798
DEBUG - 2025-02-25 07:45:53 --> Raw Authorization header: Bearer ce78e1afc69467df99113b2b2c462bb51fd04441bb85c9988603c90a46335798
DEBUG - 2025-02-25 07:45:53 --> Token dari header: ce78e1afc69467df99113b2b2c462bb51fd04441bb85c9988603c90a46335798
DEBUG - 2025-02-25 07:45:53 --> SQL: SELECT *
FROM `mahasiswa`
WHERE `token` = 'ce78e1afc69467df99113b2b2c462bb51fd04441bb85c9988603c90a46335798'
 LIMIT 1
DEBUG - 2025-02-25 07:45:53 --> Token yang dicari: ce78e1afc69467df99113b2b2c462bb51fd04441bb85c9988603c90a46335798
DEBUG - 2025-02-25 07:45:53 --> Hasil pencarian: {"id":"2","user_id":null,"npm":"123456","nama":"Dwi A","email":"","password":"$2y$10$XcEnyKV.StLAS9wl9QfUcuULBWbD54jyfoQXYOff6pFgAzR8ZRMKO","point":"270","gaya_belajar":"Auditori","created_at":"2024-12-13 02:30:02","updated_at":"2025-02-24 03:51:58","deleted_at":null,"token":"ce78e1afc69467df99113b2b2c462bb51fd04441bb85c9988603c90a46335798","last_login":"2025-02-24 10:49:22"}
INFO - 2025-02-25 07:45:55 --> Session: Class initialized using 'CodeIgniter\Session\Handlers\FileHandler' driver.
INFO - 2025-02-25 07:45:56 --> Session: Class initialized using 'CodeIgniter\Session\Handlers\FileHandler' driver.
INFO - 2025-02-25 07:45:56 --> Session: Class initialized using 'CodeIgniter\Session\Handlers\FileHandler' driver.
DEBUG - 2025-02-25 07:45:56 --> Session token: ce78e1afc69467df99113b2b2c462bb51fd04441bb85c9988603c90a46335798
DEBUG - 2025-02-25 07:45:56 --> Raw Authorization header: Bearer ce78e1afc69467df99113b2b2c462bb51fd04441bb85c9988603c90a46335798
DEBUG - 2025-02-25 07:45:56 --> Token dari header: ce78e1afc69467df99113b2b2c462bb51fd04441bb85c9988603c90a46335798
DEBUG - 2025-02-25 07:45:56 --> SQL: SELECT *
FROM `mahasiswa`
WHERE `token` = 'ce78e1afc69467df99113b2b2c462bb51fd04441bb85c9988603c90a46335798'
 LIMIT 1
DEBUG - 2025-02-25 07:45:56 --> Token yang dicari: ce78e1afc69467df99113b2b2c462bb51fd04441bb85c9988603c90a46335798
DEBUG - 2025-02-25 07:45:56 --> Hasil pencarian: {"id":"2","user_id":null,"npm":"123456","nama":"Dwi A","email":"","password":"$2y$10$XcEnyKV.StLAS9wl9QfUcuULBWbD54jyfoQXYOff6pFgAzR8ZRMKO","point":"270","gaya_belajar":"Auditori","created_at":"2024-12-13 02:30:02","updated_at":"2025-02-24 03:51:58","deleted_at":null,"token":"ce78e1afc69467df99113b2b2c462bb51fd04441bb85c9988603c90a46335798","last_login":"2025-02-24 10:49:22"}
INFO - 2025-02-25 07:45:56 --> Session: Class initialized using 'CodeIgniter\Session\Handlers\FileHandler' driver.
DEBUG - 2025-02-25 07:45:56 --> Session token: ce78e1afc69467df99113b2b2c462bb51fd04441bb85c9988603c90a46335798
DEBUG - 2025-02-25 07:45:56 --> Raw Authorization header: Bearer ce78e1afc69467df99113b2b2c462bb51fd04441bb85c9988603c90a46335798
DEBUG - 2025-02-25 07:45:56 --> Token dari header: ce78e1afc69467df99113b2b2c462bb51fd04441bb85c9988603c90a46335798
DEBUG - 2025-02-25 07:45:56 --> SQL: SELECT *
FROM `mahasiswa`
WHERE `token` = 'ce78e1afc69467df99113b2b2c462bb51fd04441bb85c9988603c90a46335798'
 LIMIT 1
DEBUG - 2025-02-25 07:45:56 --> Token yang dicari: ce78e1afc69467df99113b2b2c462bb51fd04441bb85c9988603c90a46335798
DEBUG - 2025-02-25 07:45:56 --> Hasil pencarian: {"id":"2","user_id":null,"npm":"123456","nama":"Dwi A","email":"","password":"$2y$10$XcEnyKV.StLAS9wl9QfUcuULBWbD54jyfoQXYOff6pFgAzR8ZRMKO","point":"270","gaya_belajar":"Auditori","created_at":"2024-12-13 02:30:02","updated_at":"2025-02-24 03:51:58","deleted_at":null,"token":"ce78e1afc69467df99113b2b2c462bb51fd04441bb85c9988603c90a46335798","last_login":"2025-02-24 10:49:22"}
INFO - 2025-02-25 07:45:57 --> Session: Class initialized using 'CodeIgniter\Session\Handlers\FileHandler' driver.
DEBUG - 2025-02-25 07:45:57 --> Session token: ce78e1afc69467df99113b2b2c462bb51fd04441bb85c9988603c90a46335798
DEBUG - 2025-02-25 07:45:57 --> Raw Authorization header: Bearer ce78e1afc69467df99113b2b2c462bb51fd04441bb85c9988603c90a46335798
DEBUG - 2025-02-25 07:45:57 --> Token dari header: ce78e1afc69467df99113b2b2c462bb51fd04441bb85c9988603c90a46335798
DEBUG - 2025-02-25 07:45:57 --> SQL: SELECT *
FROM `mahasiswa`
WHERE `token` = 'ce78e1afc69467df99113b2b2c462bb51fd04441bb85c9988603c90a46335798'
 LIMIT 1
DEBUG - 2025-02-25 07:45:57 --> Token yang dicari: ce78e1afc69467df99113b2b2c462bb51fd04441bb85c9988603c90a46335798
DEBUG - 2025-02-25 07:45:57 --> Hasil pencarian: {"id":"2","user_id":null,"npm":"123456","nama":"Dwi A","email":"","password":"$2y$10$XcEnyKV.StLAS9wl9QfUcuULBWbD54jyfoQXYOff6pFgAzR8ZRMKO","point":"270","gaya_belajar":"Auditori","created_at":"2024-12-13 02:30:02","updated_at":"2025-02-24 03:51:58","deleted_at":null,"token":"ce78e1afc69467df99113b2b2c462bb51fd04441bb85c9988603c90a46335798","last_login":"2025-02-24 10:49:22"}
INFO - 2025-02-25 07:45:58 --> Session: Class initialized using 'CodeIgniter\Session\Handlers\FileHandler' driver.
INFO - 2025-02-25 07:45:59 --> Session: Class initialized using 'CodeIgniter\Session\Handlers\FileHandler' driver.
INFO - 2025-02-25 07:45:59 --> Session: Class initialized using 'CodeIgniter\Session\Handlers\FileHandler' driver.
DEBUG - 2025-02-25 07:45:59 --> Session token: ce78e1afc69467df99113b2b2c462bb51fd04441bb85c9988603c90a46335798
DEBUG - 2025-02-25 07:45:59 --> Raw Authorization header: Bearer ce78e1afc69467df99113b2b2c462bb51fd04441bb85c9988603c90a46335798
DEBUG - 2025-02-25 07:45:59 --> Token dari header: ce78e1afc69467df99113b2b2c462bb51fd04441bb85c9988603c90a46335798
DEBUG - 2025-02-25 07:45:59 --> SQL: SELECT *
FROM `mahasiswa`
WHERE `token` = 'ce78e1afc69467df99113b2b2c462bb51fd04441bb85c9988603c90a46335798'
 LIMIT 1
DEBUG - 2025-02-25 07:45:59 --> Token yang dicari: ce78e1afc69467df99113b2b2c462bb51fd04441bb85c9988603c90a46335798
DEBUG - 2025-02-25 07:45:59 --> Hasil pencarian: {"id":"2","user_id":null,"npm":"123456","nama":"Dwi A","email":"","password":"$2y$10$XcEnyKV.StLAS9wl9QfUcuULBWbD54jyfoQXYOff6pFgAzR8ZRMKO","point":"270","gaya_belajar":"Auditori","created_at":"2024-12-13 02:30:02","updated_at":"2025-02-24 03:51:58","deleted_at":null,"token":"ce78e1afc69467df99113b2b2c462bb51fd04441bb85c9988603c90a46335798","last_login":"2025-02-24 10:49:22"}
INFO - 2025-02-25 07:45:59 --> Session: Class initialized using 'CodeIgniter\Session\Handlers\FileHandler' driver.
DEBUG - 2025-02-25 07:45:59 --> Session token: ce78e1afc69467df99113b2b2c462bb51fd04441bb85c9988603c90a46335798
DEBUG - 2025-02-25 07:45:59 --> Raw Authorization header: Bearer ce78e1afc69467df99113b2b2c462bb51fd04441bb85c9988603c90a46335798
DEBUG - 2025-02-25 07:45:59 --> Token dari header: ce78e1afc69467df99113b2b2c462bb51fd04441bb85c9988603c90a46335798
DEBUG - 2025-02-25 07:45:59 --> SQL: SELECT *
FROM `mahasiswa`
WHERE `token` = 'ce78e1afc69467df99113b2b2c462bb51fd04441bb85c9988603c90a46335798'
 LIMIT 1
DEBUG - 2025-02-25 07:45:59 --> Token yang dicari: ce78e1afc69467df99113b2b2c462bb51fd04441bb85c9988603c90a46335798
DEBUG - 2025-02-25 07:45:59 --> Hasil pencarian: {"id":"2","user_id":null,"npm":"123456","nama":"Dwi A","email":"","password":"$2y$10$XcEnyKV.StLAS9wl9QfUcuULBWbD54jyfoQXYOff6pFgAzR8ZRMKO","point":"270","gaya_belajar":"Auditori","created_at":"2024-12-13 02:30:02","updated_at":"2025-02-24 03:51:58","deleted_at":null,"token":"ce78e1afc69467df99113b2b2c462bb51fd04441bb85c9988603c90a46335798","last_login":"2025-02-24 10:49:22"}
INFO - 2025-02-25 07:45:59 --> Session: Class initialized using 'CodeIgniter\Session\Handlers\FileHandler' driver.
DEBUG - 2025-02-25 07:45:59 --> Session token: ce78e1afc69467df99113b2b2c462bb51fd04441bb85c9988603c90a46335798
DEBUG - 2025-02-25 07:45:59 --> Raw Authorization header: Bearer ce78e1afc69467df99113b2b2c462bb51fd04441bb85c9988603c90a46335798
DEBUG - 2025-02-25 07:45:59 --> Token dari header: ce78e1afc69467df99113b2b2c462bb51fd04441bb85c9988603c90a46335798
DEBUG - 2025-02-25 07:45:59 --> SQL: SELECT *
FROM `mahasiswa`
WHERE `token` = 'ce78e1afc69467df99113b2b2c462bb51fd04441bb85c9988603c90a46335798'
 LIMIT 1
DEBUG - 2025-02-25 07:45:59 --> Token yang dicari: ce78e1afc69467df99113b2b2c462bb51fd04441bb85c9988603c90a46335798
DEBUG - 2025-02-25 07:45:59 --> Hasil pencarian: {"id":"2","user_id":null,"npm":"123456","nama":"Dwi A","email":"","password":"$2y$10$XcEnyKV.StLAS9wl9QfUcuULBWbD54jyfoQXYOff6pFgAzR8ZRMKO","point":"270","gaya_belajar":"Auditori","created_at":"2024-12-13 02:30:02","updated_at":"2025-02-24 03:51:58","deleted_at":null,"token":"ce78e1afc69467df99113b2b2c462bb51fd04441bb85c9988603c90a46335798","last_login":"2025-02-24 10:49:22"}
INFO - 2025-02-25 07:46:16 --> Session: Class initialized using 'CodeIgniter\Session\Handlers\FileHandler' driver.
DEBUG - 2025-02-25 07:46:16 --> Session token: ce78e1afc69467df99113b2b2c462bb51fd04441bb85c9988603c90a46335798
DEBUG - 2025-02-25 07:46:16 --> Raw Authorization header: 
DEBUG - 2025-02-25 07:46:16 --> Token dari session: ce78e1afc69467df99113b2b2c462bb51fd04441bb85c9988603c90a46335798
DEBUG - 2025-02-25 07:46:16 --> SQL: SELECT *
FROM `mahasiswa`
WHERE `token` = 'ce78e1afc69467df99113b2b2c462bb51fd04441bb85c9988603c90a46335798'
 LIMIT 1
DEBUG - 2025-02-25 07:46:16 --> Token yang dicari: ce78e1afc69467df99113b2b2c462bb51fd04441bb85c9988603c90a46335798
DEBUG - 2025-02-25 07:46:16 --> Hasil pencarian: {"id":"2","user_id":null,"npm":"123456","nama":"Dwi A","email":"","password":"$2y$10$XcEnyKV.StLAS9wl9QfUcuULBWbD54jyfoQXYOff6pFgAzR8ZRMKO","point":"270","gaya_belajar":"Auditori","created_at":"2024-12-13 02:30:02","updated_at":"2025-02-24 03:51:58","deleted_at":null,"token":"ce78e1afc69467df99113b2b2c462bb51fd04441bb85c9988603c90a46335798","last_login":"2025-02-24 10:49:22"}
INFO - 2025-02-25 07:46:19 --> Session: Class initialized using 'CodeIgniter\Session\Handlers\FileHandler' driver.
DEBUG - 2025-02-25 07:46:19 --> Session token: ce78e1afc69467df99113b2b2c462bb51fd04441bb85c9988603c90a46335798
DEBUG - 2025-02-25 07:46:19 --> Raw Authorization header: 
DEBUG - 2025-02-25 07:46:19 --> Token dari session: ce78e1afc69467df99113b2b2c462bb51fd04441bb85c9988603c90a46335798
DEBUG - 2025-02-25 07:46:19 --> SQL: SELECT *
FROM `mahasiswa`
WHERE `token` = 'ce78e1afc69467df99113b2b2c462bb51fd04441bb85c9988603c90a46335798'
 LIMIT 1
DEBUG - 2025-02-25 07:46:19 --> Token yang dicari: ce78e1afc69467df99113b2b2c462bb51fd04441bb85c9988603c90a46335798
DEBUG - 2025-02-25 07:46:19 --> Hasil pencarian: {"id":"2","user_id":null,"npm":"123456","nama":"Dwi A","email":"","password":"$2y$10$XcEnyKV.StLAS9wl9QfUcuULBWbD54jyfoQXYOff6pFgAzR8ZRMKO","point":"270","gaya_belajar":"Auditori","created_at":"2024-12-13 02:30:02","updated_at":"2025-02-24 03:51:58","deleted_at":null,"token":"ce78e1afc69467df99113b2b2c462bb51fd04441bb85c9988603c90a46335798","last_login":"2025-02-24 10:49:22"}
INFO - 2025-02-25 07:46:21 --> Session: Class initialized using 'CodeIgniter\Session\Handlers\FileHandler' driver.
DEBUG - 2025-02-25 07:46:21 --> Session token: ce78e1afc69467df99113b2b2c462bb51fd04441bb85c9988603c90a46335798
DEBUG - 2025-02-25 07:46:21 --> Raw Authorization header: 
DEBUG - 2025-02-25 07:46:21 --> Token dari session: ce78e1afc69467df99113b2b2c462bb51fd04441bb85c9988603c90a46335798
DEBUG - 2025-02-25 07:46:21 --> SQL: SELECT *
FROM `mahasiswa`
WHERE `token` = 'ce78e1afc69467df99113b2b2c462bb51fd04441bb85c9988603c90a46335798'
 LIMIT 1
DEBUG - 2025-02-25 07:46:21 --> Token yang dicari: ce78e1afc69467df99113b2b2c462bb51fd04441bb85c9988603c90a46335798
DEBUG - 2025-02-25 07:46:21 --> Hasil pencarian: {"id":"2","user_id":null,"npm":"123456","nama":"Dwi A","email":"","password":"$2y$10$XcEnyKV.StLAS9wl9QfUcuULBWbD54jyfoQXYOff6pFgAzR8ZRMKO","point":"270","gaya_belajar":"Auditori","created_at":"2024-12-13 02:30:02","updated_at":"2025-02-24 03:51:58","deleted_at":null,"token":"ce78e1afc69467df99113b2b2c462bb51fd04441bb85c9988603c90a46335798","last_login":"2025-02-24 10:49:22"}
INFO - 2025-02-25 07:46:22 --> Session: Class initialized using 'CodeIgniter\Session\Handlers\FileHandler' driver.
INFO - 2025-02-25 07:46:22 --> Session: Class initialized using 'CodeIgniter\Session\Handlers\FileHandler' driver.
INFO - 2025-02-25 07:46:22 --> Session: Class initialized using 'CodeIgniter\Session\Handlers\FileHandler' driver.
DEBUG - 2025-02-25 07:46:22 --> Session token: ce78e1afc69467df99113b2b2c462bb51fd04441bb85c9988603c90a46335798
DEBUG - 2025-02-25 07:46:22 --> Raw Authorization header: Bearer ce78e1afc69467df99113b2b2c462bb51fd04441bb85c9988603c90a46335798
DEBUG - 2025-02-25 07:46:22 --> Token dari header: ce78e1afc69467df99113b2b2c462bb51fd04441bb85c9988603c90a46335798
DEBUG - 2025-02-25 07:46:22 --> SQL: SELECT *
FROM `mahasiswa`
WHERE `token` = 'ce78e1afc69467df99113b2b2c462bb51fd04441bb85c9988603c90a46335798'
 LIMIT 1
DEBUG - 2025-02-25 07:46:22 --> Token yang dicari: ce78e1afc69467df99113b2b2c462bb51fd04441bb85c9988603c90a46335798
DEBUG - 2025-02-25 07:46:22 --> Hasil pencarian: {"id":"2","user_id":null,"npm":"123456","nama":"Dwi A","email":"","password":"$2y$10$XcEnyKV.StLAS9wl9QfUcuULBWbD54jyfoQXYOff6pFgAzR8ZRMKO","point":"270","gaya_belajar":"Auditori","created_at":"2024-12-13 02:30:02","updated_at":"2025-02-24 03:51:58","deleted_at":null,"token":"ce78e1afc69467df99113b2b2c462bb51fd04441bb85c9988603c90a46335798","last_login":"2025-02-24 10:49:22"}
INFO - 2025-02-25 07:46:23 --> Session: Class initialized using 'CodeIgniter\Session\Handlers\FileHandler' driver.
DEBUG - 2025-02-25 07:46:23 --> Session token: ce78e1afc69467df99113b2b2c462bb51fd04441bb85c9988603c90a46335798
DEBUG - 2025-02-25 07:46:23 --> Raw Authorization header: Bearer ce78e1afc69467df99113b2b2c462bb51fd04441bb85c9988603c90a46335798
DEBUG - 2025-02-25 07:46:23 --> Token dari header: ce78e1afc69467df99113b2b2c462bb51fd04441bb85c9988603c90a46335798
DEBUG - 2025-02-25 07:46:23 --> SQL: SELECT *
FROM `mahasiswa`
WHERE `token` = 'ce78e1afc69467df99113b2b2c462bb51fd04441bb85c9988603c90a46335798'
 LIMIT 1
DEBUG - 2025-02-25 07:46:23 --> Token yang dicari: ce78e1afc69467df99113b2b2c462bb51fd04441bb85c9988603c90a46335798
DEBUG - 2025-02-25 07:46:23 --> Hasil pencarian: {"id":"2","user_id":null,"npm":"123456","nama":"Dwi A","email":"","password":"$2y$10$XcEnyKV.StLAS9wl9QfUcuULBWbD54jyfoQXYOff6pFgAzR8ZRMKO","point":"270","gaya_belajar":"Auditori","created_at":"2024-12-13 02:30:02","updated_at":"2025-02-24 03:51:58","deleted_at":null,"token":"ce78e1afc69467df99113b2b2c462bb51fd04441bb85c9988603c90a46335798","last_login":"2025-02-24 10:49:22"}
INFO - 2025-02-25 07:46:23 --> Session: Class initialized using 'CodeIgniter\Session\Handlers\FileHandler' driver.
DEBUG - 2025-02-25 07:46:23 --> Session token: ce78e1afc69467df99113b2b2c462bb51fd04441bb85c9988603c90a46335798
DEBUG - 2025-02-25 07:46:23 --> Raw Authorization header: Bearer ce78e1afc69467df99113b2b2c462bb51fd04441bb85c9988603c90a46335798
DEBUG - 2025-02-25 07:46:23 --> Token dari header: ce78e1afc69467df99113b2b2c462bb51fd04441bb85c9988603c90a46335798
DEBUG - 2025-02-25 07:46:23 --> SQL: SELECT *
FROM `mahasiswa`
WHERE `token` = 'ce78e1afc69467df99113b2b2c462bb51fd04441bb85c9988603c90a46335798'
 LIMIT 1
DEBUG - 2025-02-25 07:46:23 --> Token yang dicari: ce78e1afc69467df99113b2b2c462bb51fd04441bb85c9988603c90a46335798
DEBUG - 2025-02-25 07:46:23 --> Hasil pencarian: {"id":"2","user_id":null,"npm":"123456","nama":"Dwi A","email":"","password":"$2y$10$XcEnyKV.StLAS9wl9QfUcuULBWbD54jyfoQXYOff6pFgAzR8ZRMKO","point":"270","gaya_belajar":"Auditori","created_at":"2024-12-13 02:30:02","updated_at":"2025-02-24 03:51:58","deleted_at":null,"token":"ce78e1afc69467df99113b2b2c462bb51fd04441bb85c9988603c90a46335798","last_login":"2025-02-24 10:49:22"}
INFO - 2025-02-25 07:46:24 --> Session: Class initialized using 'CodeIgniter\Session\Handlers\FileHandler' driver.
INFO - 2025-02-25 07:46:25 --> Session: Class initialized using 'CodeIgniter\Session\Handlers\FileHandler' driver.
INFO - 2025-02-25 07:46:26 --> Session: Class initialized using 'CodeIgniter\Session\Handlers\FileHandler' driver.
DEBUG - 2025-02-25 07:46:26 --> Session token: ce78e1afc69467df99113b2b2c462bb51fd04441bb85c9988603c90a46335798
DEBUG - 2025-02-25 07:46:26 --> Raw Authorization header: Bearer ce78e1afc69467df99113b2b2c462bb51fd04441bb85c9988603c90a46335798
DEBUG - 2025-02-25 07:46:26 --> Token dari header: ce78e1afc69467df99113b2b2c462bb51fd04441bb85c9988603c90a46335798
DEBUG - 2025-02-25 07:46:26 --> SQL: SELECT *
FROM `mahasiswa`
WHERE `token` = 'ce78e1afc69467df99113b2b2c462bb51fd04441bb85c9988603c90a46335798'
 LIMIT 1
DEBUG - 2025-02-25 07:46:26 --> Token yang dicari: ce78e1afc69467df99113b2b2c462bb51fd04441bb85c9988603c90a46335798
DEBUG - 2025-02-25 07:46:26 --> Hasil pencarian: {"id":"2","user_id":null,"npm":"123456","nama":"Dwi A","email":"","password":"$2y$10$XcEnyKV.StLAS9wl9QfUcuULBWbD54jyfoQXYOff6pFgAzR8ZRMKO","point":"270","gaya_belajar":"Auditori","created_at":"2024-12-13 02:30:02","updated_at":"2025-02-24 03:51:58","deleted_at":null,"token":"ce78e1afc69467df99113b2b2c462bb51fd04441bb85c9988603c90a46335798","last_login":"2025-02-24 10:49:22"}
INFO - 2025-02-25 07:46:26 --> Session: Class initialized using 'CodeIgniter\Session\Handlers\FileHandler' driver.
DEBUG - 2025-02-25 07:46:26 --> Session token: ce78e1afc69467df99113b2b2c462bb51fd04441bb85c9988603c90a46335798
DEBUG - 2025-02-25 07:46:26 --> Raw Authorization header: Bearer ce78e1afc69467df99113b2b2c462bb51fd04441bb85c9988603c90a46335798
DEBUG - 2025-02-25 07:46:26 --> Token dari header: ce78e1afc69467df99113b2b2c462bb51fd04441bb85c9988603c90a46335798
DEBUG - 2025-02-25 07:46:26 --> SQL: SELECT *
FROM `mahasiswa`
WHERE `token` = 'ce78e1afc69467df99113b2b2c462bb51fd04441bb85c9988603c90a46335798'
 LIMIT 1
DEBUG - 2025-02-25 07:46:26 --> Token yang dicari: ce78e1afc69467df99113b2b2c462bb51fd04441bb85c9988603c90a46335798
DEBUG - 2025-02-25 07:46:26 --> Hasil pencarian: {"id":"2","user_id":null,"npm":"123456","nama":"Dwi A","email":"","password":"$2y$10$XcEnyKV.StLAS9wl9QfUcuULBWbD54jyfoQXYOff6pFgAzR8ZRMKO","point":"270","gaya_belajar":"Auditori","created_at":"2024-12-13 02:30:02","updated_at":"2025-02-24 03:51:58","deleted_at":null,"token":"ce78e1afc69467df99113b2b2c462bb51fd04441bb85c9988603c90a46335798","last_login":"2025-02-24 10:49:22"}
INFO - 2025-02-25 07:46:26 --> Session: Class initialized using 'CodeIgniter\Session\Handlers\FileHandler' driver.
DEBUG - 2025-02-25 07:46:26 --> Session token: ce78e1afc69467df99113b2b2c462bb51fd04441bb85c9988603c90a46335798
DEBUG - 2025-02-25 07:46:26 --> Raw Authorization header: Bearer ce78e1afc69467df99113b2b2c462bb51fd04441bb85c9988603c90a46335798
DEBUG - 2025-02-25 07:46:26 --> Token dari header: ce78e1afc69467df99113b2b2c462bb51fd04441bb85c9988603c90a46335798
DEBUG - 2025-02-25 07:46:26 --> SQL: SELECT *
FROM `mahasiswa`
WHERE `token` = 'ce78e1afc69467df99113b2b2c462bb51fd04441bb85c9988603c90a46335798'
 LIMIT 1
DEBUG - 2025-02-25 07:46:26 --> Token yang dicari: ce78e1afc69467df99113b2b2c462bb51fd04441bb85c9988603c90a46335798
DEBUG - 2025-02-25 07:46:26 --> Hasil pencarian: {"id":"2","user_id":null,"npm":"123456","nama":"Dwi A","email":"","password":"$2y$10$XcEnyKV.StLAS9wl9QfUcuULBWbD54jyfoQXYOff6pFgAzR8ZRMKO","point":"270","gaya_belajar":"Auditori","created_at":"2024-12-13 02:30:02","updated_at":"2025-02-24 03:51:58","deleted_at":null,"token":"ce78e1afc69467df99113b2b2c462bb51fd04441bb85c9988603c90a46335798","last_login":"2025-02-24 10:49:22"}
INFO - 2025-02-25 08:43:23 --> Session: Class initialized using 'CodeIgniter\Session\Handlers\FileHandler' driver.
INFO - 2025-02-25 08:43:23 --> Session: Class initialized using 'CodeIgniter\Session\Handlers\FileHandler' driver.
INFO - 2025-02-25 08:43:48 --> Session: Class initialized using 'CodeIgniter\Session\Handlers\FileHandler' driver.
INFO - 2025-02-25 08:43:48 --> Session: Class initialized using 'CodeIgniter\Session\Handlers\FileHandler' driver.
INFO - 2025-02-25 08:44:25 --> Session: Class initialized using 'CodeIgniter\Session\Handlers\FileHandler' driver.
INFO - 2025-02-25 08:44:25 --> Session: Class initialized using 'CodeIgniter\Session\Handlers\FileHandler' driver.
INFO - 2025-02-25 08:44:52 --> Session: Class initialized using 'CodeIgniter\Session\Handlers\FileHandler' driver.
INFO - 2025-02-25 08:44:53 --> Session: Class initialized using 'CodeIgniter\Session\Handlers\FileHandler' driver.
INFO - 2025-02-25 08:44:57 --> Session: Class initialized using 'CodeIgniter\Session\Handlers\FileHandler' driver.
INFO - 2025-02-25 08:44:57 --> Session: Class initialized using 'CodeIgniter\Session\Handlers\FileHandler' driver.
INFO - 2025-02-25 08:45:10 --> Session: Class initialized using 'CodeIgniter\Session\Handlers\FileHandler' driver.
INFO - 2025-02-25 08:45:10 --> Session: Class initialized using 'CodeIgniter\Session\Handlers\FileHandler' driver.
INFO - 2025-02-25 08:45:36 --> Session: Class initialized using 'CodeIgniter\Session\Handlers\FileHandler' driver.
INFO - 2025-02-25 08:45:46 --> Session: Class initialized using 'CodeIgniter\Session\Handlers\FileHandler' driver.
DEBUG - 2025-02-25 08:45:46 --> Session token: tidak ada
DEBUG - 2025-02-25 08:45:46 --> Raw Authorization header: 
DEBUG - 2025-02-25 08:45:46 --> Token dari session: 
DEBUG - 2025-02-25 08:45:46 --> Token dari URL: 
INFO - 2025-02-25 08:46:09 --> Session: Class initialized using 'CodeIgniter\Session\Handlers\FileHandler' driver.
DEBUG - 2025-02-25 08:46:09 --> Session token: tidak ada
DEBUG - 2025-02-25 08:46:09 --> Raw Authorization header: 
DEBUG - 2025-02-25 08:46:09 --> Token dari session: 
DEBUG - 2025-02-25 08:46:09 --> Token dari URL: 
INFO - 2025-02-25 08:46:22 --> Session: Class initialized using 'CodeIgniter\Session\Handlers\FileHandler' driver.
DEBUG - 2025-02-25 08:46:22 --> Session token: tidak ada
DEBUG - 2025-02-25 08:46:22 --> Raw Authorization header: Bearer dtyrtrhgcghghg
DEBUG - 2025-02-25 08:46:22 --> Token dari header: dtyrtrhgcghghg
DEBUG - 2025-02-25 08:46:22 --> SQL: SELECT *
FROM `mahasiswa`
WHERE `token` = 'dtyrtrhgcghghg'
 LIMIT 1
DEBUG - 2025-02-25 08:46:22 --> Token yang dicari: dtyrtrhgcghghg
DEBUG - 2025-02-25 08:46:22 --> Hasil pencarian: null
INFO - 2025-02-25 08:46:30 --> Session: Class initialized using 'CodeIgniter\Session\Handlers\FileHandler' driver.
DEBUG - 2025-02-25 08:46:30 --> Session token: tidak ada
DEBUG - 2025-02-25 08:46:30 --> Raw Authorization header: Bearer dtyrtrhgcghghg
DEBUG - 2025-02-25 08:46:30 --> Token dari header: dtyrtrhgcghghg
DEBUG - 2025-02-25 08:46:30 --> SQL: SELECT *
FROM `mahasiswa`
WHERE `token` = 'dtyrtrhgcghghg'
 LIMIT 1
DEBUG - 2025-02-25 08:46:30 --> Token yang dicari: dtyrtrhgcghghg
DEBUG - 2025-02-25 08:46:30 --> Hasil pencarian: null
INFO - 2025-02-25 08:46:34 --> Session: Class initialized using 'CodeIgniter\Session\Handlers\FileHandler' driver.
DEBUG - 2025-02-25 08:46:34 --> Session token: tidak ada
DEBUG - 2025-02-25 08:46:34 --> Raw Authorization header: 
DEBUG - 2025-02-25 08:46:34 --> Token dari session: 
DEBUG - 2025-02-25 08:46:34 --> Token dari URL: 
INFO - 2025-02-25 12:23:42 --> Session: Class initialized using 'CodeIgniter\Session\Handlers\FileHandler' driver.
INFO - 2025-02-25 12:23:42 --> Session: Class initialized using 'CodeIgniter\Session\Handlers\FileHandler' driver.
INFO - 2025-02-25 23:25:12 --> Session: Class initialized using 'CodeIgniter\Session\Handlers\FileHandler' driver.
