CRITICAL - 2025-02-10 03:05:44 --> Class "App\Libraries\SupabaseAPI" not found
in APPPATH\Controllers\SupabaseController.php on line 14.
 1 SYSTEMPATH\CodeIgniter.php(904): App\Controllers\SupabaseController->__construct()
 2 SYSTEMPATH\CodeIgniter.php(488): CodeIgniter\CodeIgniter->createController()
 3 SYSTEMPATH\CodeIgniter.php(366): CodeIgniter\CodeIgniter->handleRequest(null, Object(Config\Cache), false)
 4 FCPATH\index.php(67): CodeIgniter\CodeIgniter->run()
 5 SYSTEMPATH\Commands\Server\rewrite.php(47): require_once('C:\\xampp\\htdocs\\PoinMarket\\public\\index.php')
CRITICAL - 2025-02-10 03:06:36 --> Client error: `GET https://jbdelfylknzswhuyfptm.supabase.co/rest/v1/users` resulted in a `404 Not Found` response:
{"code":"42P01","details":null,"hint":null,"message":"relation \"public.users\" does not exist"}

in VENDORPATH\guzzlehttp\guzzle\src\Exception\RequestException.php on line 111.
 1 VENDORPATH\guzzlehttp\guzzle\src\Middleware.php(72): GuzzleHttp\Exception\RequestException::create(Object(GuzzleHttp\Psr7\Request), Object(GuzzleHttp\Psr7\Response), null, [], null)
 2 VENDORPATH\guzzlehttp\promises\src\Promise.php(209): GuzzleHttp\Middleware::GuzzleHttp\{closure}(Object(GuzzleHttp\Psr7\Response))
 3 VENDORPATH\guzzlehttp\promises\src\Promise.php(158): GuzzleHttp\Promise\Promise::callHandler(1, Object(GuzzleHttp\Psr7\Response), null)
 4 VENDORPATH\guzzlehttp\promises\src\TaskQueue.php(52): GuzzleHttp\Promise\Promise::GuzzleHttp\Promise\{closure}()
 5 VENDORPATH\guzzlehttp\promises\src\Promise.php(251): GuzzleHttp\Promise\TaskQueue->run(true)
 6 VENDORPATH\guzzlehttp\promises\src\Promise.php(227): GuzzleHttp\Promise\Promise->invokeWaitFn()
 7 VENDORPATH\guzzlehttp\promises\src\Promise.php(272): GuzzleHttp\Promise\Promise->waitIfPending()
 8 VENDORPATH\guzzlehttp\promises\src\Promise.php(229): GuzzleHttp\Promise\Promise->invokeWaitList()
 9 VENDORPATH\guzzlehttp\promises\src\Promise.php(69): GuzzleHttp\Promise\Promise->waitIfPending()
10 VENDORPATH\guzzlehttp\guzzle\src\Client.php(189): GuzzleHttp\Promise\Promise->wait()
11 APPPATH\Libraries\SupabaseAPI.php(32): GuzzleHttp\Client->request('GET', 'users')
12 APPPATH\Controllers\SupabaseController.php(19): App\Libraries\SupabaseAPI->getData('users')
13 SYSTEMPATH\CodeIgniter.php(932): App\Controllers\SupabaseController->getUsers()
14 SYSTEMPATH\CodeIgniter.php(497): CodeIgniter\CodeIgniter->runController(Object(App\Controllers\SupabaseController))
15 SYSTEMPATH\CodeIgniter.php(366): CodeIgniter\CodeIgniter->handleRequest(null, Object(Config\Cache), false)
16 FCPATH\index.php(67): CodeIgniter\CodeIgniter->run()
17 SYSTEMPATH\Commands\Server\rewrite.php(47): require_once('C:\\xampp\\htdocs\\PoinMarket\\public\\index.php')
CRITICAL - 2025-02-10 03:06:50 --> Client error: `GET https://jbdelfylknzswhuyfptm.supabase.co/rest/v1/users` resulted in a `404 Not Found` response:
{"code":"42P01","details":null,"hint":null,"message":"relation \"public.users\" does not exist"}

in VENDORPATH\guzzlehttp\guzzle\src\Exception\RequestException.php on line 111.
 1 VENDORPATH\guzzlehttp\guzzle\src\Middleware.php(72): GuzzleHttp\Exception\RequestException::create(Object(GuzzleHttp\Psr7\Request), Object(GuzzleHttp\Psr7\Response), null, [], null)
 2 VENDORPATH\guzzlehttp\promises\src\Promise.php(209): GuzzleHttp\Middleware::GuzzleHttp\{closure}(Object(GuzzleHttp\Psr7\Response))
 3 VENDORPATH\guzzlehttp\promises\src\Promise.php(158): GuzzleHttp\Promise\Promise::callHandler(1, Object(GuzzleHttp\Psr7\Response), null)
 4 VENDORPATH\guzzlehttp\promises\src\TaskQueue.php(52): GuzzleHttp\Promise\Promise::GuzzleHttp\Promise\{closure}()
 5 VENDORPATH\guzzlehttp\promises\src\Promise.php(251): GuzzleHttp\Promise\TaskQueue->run(true)
 6 VENDORPATH\guzzlehttp\promises\src\Promise.php(227): GuzzleHttp\Promise\Promise->invokeWaitFn()
 7 VENDORPATH\guzzlehttp\promises\src\Promise.php(272): GuzzleHttp\Promise\Promise->waitIfPending()
 8 VENDORPATH\guzzlehttp\promises\src\Promise.php(229): GuzzleHttp\Promise\Promise->invokeWaitList()
 9 VENDORPATH\guzzlehttp\promises\src\Promise.php(69): GuzzleHttp\Promise\Promise->waitIfPending()
10 VENDORPATH\guzzlehttp\guzzle\src\Client.php(189): GuzzleHttp\Promise\Promise->wait()
11 APPPATH\Libraries\SupabaseAPI.php(32): GuzzleHttp\Client->request('GET', 'users')
12 APPPATH\Controllers\SupabaseController.php(19): App\Libraries\SupabaseAPI->getData('users')
13 SYSTEMPATH\CodeIgniter.php(932): App\Controllers\SupabaseController->getUsers()
14 SYSTEMPATH\CodeIgniter.php(497): CodeIgniter\CodeIgniter->runController(Object(App\Controllers\SupabaseController))
15 SYSTEMPATH\CodeIgniter.php(366): CodeIgniter\CodeIgniter->handleRequest(null, Object(Config\Cache), false)
16 FCPATH\index.php(67): CodeIgniter\CodeIgniter->run()
17 SYSTEMPATH\Commands\Server\rewrite.php(47): require_once('C:\\xampp\\htdocs\\PoinMarket\\public\\index.php')
CRITICAL - 2025-02-10 03:28:06 --> cURL error 52: Empty reply from server (see https://curl.haxx.se/libcurl/c/libcurl-errors.html) for https://jbdelfylknzswhuyfptm.supabase.co/rest/v1/users
in VENDORPATH\guzzlehttp\guzzle\src\Handler\CurlFactory.php on line 275.
 1 VENDORPATH\guzzlehttp\guzzle\src\Handler\CurlFactory.php(205): GuzzleHttp\Handler\CurlFactory::createRejection(Object(GuzzleHttp\Handler\EasyHandle), [...])
 2 VENDORPATH\guzzlehttp\guzzle\src\Handler\CurlFactory.php(157): GuzzleHttp\Handler\CurlFactory::finishError(Object(GuzzleHttp\Handler\CurlHandler), Object(GuzzleHttp\Handler\EasyHandle), Object(GuzzleHttp\Handler\CurlFactory))
 3 VENDORPATH\guzzlehttp\guzzle\src\Handler\CurlHandler.php(47): GuzzleHttp\Handler\CurlFactory::finish(Object(GuzzleHttp\Handler\CurlHandler), Object(GuzzleHttp\Handler\EasyHandle), Object(GuzzleHttp\Handler\CurlFactory))
 4 VENDORPATH\guzzlehttp\guzzle\src\Handler\Proxy.php(28): GuzzleHttp\Handler\CurlHandler->__invoke(Object(GuzzleHttp\Psr7\Request), [...])
 5 VENDORPATH\guzzlehttp\guzzle\src\Handler\Proxy.php(48): GuzzleHttp\Handler\Proxy::GuzzleHttp\Handler\{closure}(Object(GuzzleHttp\Psr7\Request), [...])
 6 VENDORPATH\guzzlehttp\guzzle\src\PrepareBodyMiddleware.php(35): GuzzleHttp\Handler\Proxy::GuzzleHttp\Handler\{closure}(Object(GuzzleHttp\Psr7\Request), [...])
 7 VENDORPATH\guzzlehttp\guzzle\src\Middleware.php(31): GuzzleHttp\PrepareBodyMiddleware->__invoke(Object(GuzzleHttp\Psr7\Request), [...])
 8 VENDORPATH\guzzlehttp\guzzle\src\RedirectMiddleware.php(71): GuzzleHttp\Middleware::GuzzleHttp\{closure}(Object(GuzzleHttp\Psr7\Request), [...])
 9 VENDORPATH\guzzlehttp\guzzle\src\Middleware.php(66): GuzzleHttp\RedirectMiddleware->__invoke(Object(GuzzleHttp\Psr7\Request), [...])
10 VENDORPATH\guzzlehttp\guzzle\src\HandlerStack.php(75): GuzzleHttp\Middleware::GuzzleHttp\{closure}(Object(GuzzleHttp\Psr7\Request), [...])
11 VENDORPATH\guzzlehttp\guzzle\src\Client.php(333): GuzzleHttp\HandlerStack->__invoke(Object(GuzzleHttp\Psr7\Request), [...])
12 VENDORPATH\guzzlehttp\guzzle\src\Client.php(169): GuzzleHttp\Client->transfer(Object(GuzzleHttp\Psr7\Request), [...])
13 VENDORPATH\guzzlehttp\guzzle\src\Client.php(189): GuzzleHttp\Client->requestAsync('GET', Object(GuzzleHttp\Psr7\Uri), [...])
14 APPPATH\Libraries\SupabaseAPI.php(32): GuzzleHttp\Client->request('GET', 'users')
15 APPPATH\Controllers\SupabaseController.php(19): App\Libraries\SupabaseAPI->getData('users')
16 SYSTEMPATH\CodeIgniter.php(932): App\Controllers\SupabaseController->getUsers()
17 SYSTEMPATH\CodeIgniter.php(497): CodeIgniter\CodeIgniter->runController(Object(App\Controllers\SupabaseController))
18 SYSTEMPATH\CodeIgniter.php(366): CodeIgniter\CodeIgniter->handleRequest(null, Object(Config\Cache), false)
19 FCPATH\index.php(67): CodeIgniter\CodeIgniter->run()
20 SYSTEMPATH\Commands\Server\rewrite.php(47): require_once('C:\\xampp\\htdocs\\PoinMarket\\public\\index.php')
CRITICAL - 2025-02-10 03:28:22 --> cURL error 52: Empty reply from server (see https://curl.haxx.se/libcurl/c/libcurl-errors.html) for https://jbdelfylknzswhuyfptm.supabase.co/rest/v1/users
in VENDORPATH\guzzlehttp\guzzle\src\Handler\CurlFactory.php on line 275.
 1 VENDORPATH\guzzlehttp\guzzle\src\Handler\CurlFactory.php(205): GuzzleHttp\Handler\CurlFactory::createRejection(Object(GuzzleHttp\Handler\EasyHandle), [...])
 2 VENDORPATH\guzzlehttp\guzzle\src\Handler\CurlFactory.php(157): GuzzleHttp\Handler\CurlFactory::finishError(Object(GuzzleHttp\Handler\CurlHandler), Object(GuzzleHttp\Handler\EasyHandle), Object(GuzzleHttp\Handler\CurlFactory))
 3 VENDORPATH\guzzlehttp\guzzle\src\Handler\CurlHandler.php(47): GuzzleHttp\Handler\CurlFactory::finish(Object(GuzzleHttp\Handler\CurlHandler), Object(GuzzleHttp\Handler\EasyHandle), Object(GuzzleHttp\Handler\CurlFactory))
 4 VENDORPATH\guzzlehttp\guzzle\src\Handler\Proxy.php(28): GuzzleHttp\Handler\CurlHandler->__invoke(Object(GuzzleHttp\Psr7\Request), [...])
 5 VENDORPATH\guzzlehttp\guzzle\src\Handler\Proxy.php(48): GuzzleHttp\Handler\Proxy::GuzzleHttp\Handler\{closure}(Object(GuzzleHttp\Psr7\Request), [...])
 6 VENDORPATH\guzzlehttp\guzzle\src\PrepareBodyMiddleware.php(35): GuzzleHttp\Handler\Proxy::GuzzleHttp\Handler\{closure}(Object(GuzzleHttp\Psr7\Request), [...])
 7 VENDORPATH\guzzlehttp\guzzle\src\Middleware.php(31): GuzzleHttp\PrepareBodyMiddleware->__invoke(Object(GuzzleHttp\Psr7\Request), [...])
 8 VENDORPATH\guzzlehttp\guzzle\src\RedirectMiddleware.php(71): GuzzleHttp\Middleware::GuzzleHttp\{closure}(Object(GuzzleHttp\Psr7\Request), [...])
 9 VENDORPATH\guzzlehttp\guzzle\src\Middleware.php(66): GuzzleHttp\RedirectMiddleware->__invoke(Object(GuzzleHttp\Psr7\Request), [...])
10 VENDORPATH\guzzlehttp\guzzle\src\HandlerStack.php(75): GuzzleHttp\Middleware::GuzzleHttp\{closure}(Object(GuzzleHttp\Psr7\Request), [...])
11 VENDORPATH\guzzlehttp\guzzle\src\Client.php(333): GuzzleHttp\HandlerStack->__invoke(Object(GuzzleHttp\Psr7\Request), [...])
12 VENDORPATH\guzzlehttp\guzzle\src\Client.php(169): GuzzleHttp\Client->transfer(Object(GuzzleHttp\Psr7\Request), [...])
13 VENDORPATH\guzzlehttp\guzzle\src\Client.php(189): GuzzleHttp\Client->requestAsync('GET', Object(GuzzleHttp\Psr7\Uri), [...])
14 APPPATH\Libraries\SupabaseAPI.php(32): GuzzleHttp\Client->request('GET', 'users')
15 APPPATH\Controllers\SupabaseController.php(19): App\Libraries\SupabaseAPI->getData('users')
16 SYSTEMPATH\CodeIgniter.php(932): App\Controllers\SupabaseController->getUsers()
17 SYSTEMPATH\CodeIgniter.php(497): CodeIgniter\CodeIgniter->runController(Object(App\Controllers\SupabaseController))
18 SYSTEMPATH\CodeIgniter.php(366): CodeIgniter\CodeIgniter->handleRequest(null, Object(Config\Cache), false)
19 FCPATH\index.php(67): CodeIgniter\CodeIgniter->run()
20 SYSTEMPATH\Commands\Server\rewrite.php(47): require_once('C:\\xampp\\htdocs\\PoinMarket\\public\\index.php')
CRITICAL - 2025-02-10 03:55:16 --> Declaration of App\Controllers\SupabaseController::delete($id) must be compatible with CodeIgniter\RESTful\ResourceController::delete($id = null)
in APPPATH\Controllers\SupabaseController.php on line 35.
 1 [internal function]: CodeIgniter\Debug\Exceptions->shutdownHandler()
CRITICAL - 2025-02-10 03:56:58 --> Call to undefined method App\Libraries\SupabaseAPI::deleteData()
in APPPATH\Controllers\SupabaseController.php on line 43.
 1 SYSTEMPATH\CodeIgniter.php(932): App\Controllers\SupabaseController->delete('1')
 2 SYSTEMPATH\CodeIgniter.php(497): CodeIgniter\CodeIgniter->runController(Object(App\Controllers\SupabaseController))
 3 SYSTEMPATH\CodeIgniter.php(366): CodeIgniter\CodeIgniter->handleRequest(null, Object(Config\Cache), false)
 4 FCPATH\index.php(67): CodeIgniter\CodeIgniter->run()
 5 SYSTEMPATH\Commands\Server\rewrite.php(47): require_once('C:\\xampp\\htdocs\\PoinMarket\\public\\index.php')
